=== CASE01 Web stage ===
2026-09-09T12:31:50,509493582+08:00
web
uid=1000(mxy) gid=1000(mxy) 组=1000(mxy),4(adm),24(cdrom),27(sudo),30(dip),46(plugdev),100(users),114(lpadmin)
=== CASE01 Win10 jump ===
2026-09-09T12:31:50.5372141+08:00
DESKTOP-88HQCN9
desktop-88hqcn9\case01demo
=== Core response ===
curl_exit=0
CASE01_DEMO_FILE

HTTP_STATUS:200
=== C2 response ===
curl_exit=0
CASE01 harmless test beacon received

HTTP_STATUS:200
2026-09-09T12:31:50.7093965+08:00
2026-09-09T12:31:51,997274901+08:00
=== CASE01 Web stage ===
2026-09-09T12:35:32,954331258+08:00
web
uid=1000(mxy) gid=1000(mxy) 组=1000(mxy),4(adm),24(cdrom),27(sudo),30(dip),46(plugdev),100(users),114(lpadmin)
=== CASE01 Win10 jump ===
2026-09-09T12:35:32.2716626+08:00
DESKTOP-88HQCN9
desktop-88hqcn9\case01demo
=== Core response ===
curl_exit=0
CASE01_DEMO_FILE

HTTP_STATUS:200
=== C2 response ===
curl_exit=0
CASE01 harmless test beacon received

HTTP_STATUS:200
2026-09-09T12:35:32.3809587+08:00
2026-09-09T12:35:33,665440815+08:00