type=DAEMON_ROTATE msg=audit(1788835692.378:3024): op=rotate-logs auid=1000 uid=4294967295 ses=4294967295 pid=5662 subj=unconfined res=successAUID="mxy" UID="unset"
type=SYSCALL msg=audit(1788835692.379:1255): arch=c000003e syscall=42 success=no exit=-111 a0=6 a1=5b7c399fa240 a2=1d a3=7b2e40a18eb0 items=0 ppid=5651 pid=5663 auid=1000 uid=0 gid=0 euid=0 suid=0 fsuid=0 egid=0 sgid=0 fsgid=0 tty=pts2 ses=2 comm="plymouth" exe="/usr/bin/plymouth" subj=unconfined key="case01_network"ARCH=x86_64 SYSCALL=connect AUID="mxy" UID="root" GID="root" EUID="root" SUID="root" FSUID="root" EGID="root" SGID="root" FSGID="root"
type=SOCKADDR msg=audit(1788835692.379:1255): saddr=0100002F6F72672F667265656465736B746F702F706C796D6F75746864SADDR={ saddr_fam=local path=/org/freedesktop/plymouthd }
type=PROCTITLE msg=audit(1788835692.379:1255): proctitle=706C796D6F757468002D2D70696E67
type=SYSCALL msg=audit(1788835692.379:1256): arch=c000003e syscall=42 success=no exit=-111 a0=6 a1=5b7c399fa2c0 a2=6e a3=1 items=0 ppid=5651 pid=5663 auid=1000 uid=0 gid=0 euid=0 suid=0 fsuid=0 egid=0 sgid=0 fsgid=0 tty=pts2 ses=2 comm="plymouth" exe="/usr/bin/plymouth" subj=unconfined key="case01_network"ARCH=x86_64 SYSCALL=connect AUID="mxy" UID="root" GID="root" EUID="root" SUID="root" FSUID="root" EGID="root" SGID="root" FSGID="root"
type=SOCKADDR msg=audit(1788835692.379:1256): saddr=0100002F706C792D626F6F742D70726F746F636F6C0000000000000000000000000000000000000000000000000000000000000000000000000000000000000000000000000000000000000000000000000000000000000000000000000000000000000000000000000000000000SADDR={ saddr_fam=local path=/ply-boot-protocol }
type=PROCTITLE msg=audit(1788835692.379:1256): proctitle=706C796D6F757468002D2D70696E67
type=USER_END msg=audit(1788835692.382:1257): pid=5649 uid=1000 auid=1000 ses=2 subj=unconfined msg='op=PAM:session_close grantors=pam_limits,pam_env,pam_env,pam_permit,pam_umask,pam_unix acct="root" exe="/usr/bin/sudo" hostname=? addr=? terminal=/dev/pts/0 res=success'UID="mxy" AUID="mxy"
type=CRED_DISP msg=audit(1788835692.382:1258): pid=5649 uid=1000 auid=1000 ses=2 subj=unconfined msg='op=PAM:setcred grantors=pam_permit acct="root" exe="/usr/bin/sudo" hostname=? addr=? terminal=/dev/pts/0 res=success'UID="mxy" AUID="mxy"
type=SYSCALL msg=audit(1788835702.173:1259): arch=c000003e syscall=59 success=yes exit=0 a0=5d35237f5c20 a1=5d35237f4f60 a2=5d35237f22f0 a3=5d35237f4f60 items=2 ppid=3066 pid=5667 auid=1000 uid=1000 gid=1000 euid=1000 suid=1000 fsuid=1000 egid=1000 sgid=1000 fsgid=1000 tty=pts0 ses=2 comm="ls" exe="/usr/bin/ls" subj=unconfined key="case01_process_exec"ARCH=x86_64 SYSCALL=execve AUID="mxy" UID="mxy" GID="mxy" EUID="mxy" SUID="mxy" FSUID="mxy" EGID="mxy" SGID="mxy" FSGID="mxy"
type=EXECVE msg=audit(1788835702.173:1259): argc=4 a0="ls" a1="--color=auto" a2="-lh" a3="/var/log/audit/"
type=CWD msg=audit(1788835702.173:1259): cwd="/home/mxy"
type=PATH msg=audit(1788835702.173:1259): item=0 name="/usr/bin/ls" inode=787461 dev=08:02 mode=0100755 ouid=0 ogid=0 rdev=00:00 nametype=NORMAL cap_fp=0 cap_fi=0 cap_fe=0 cap_fver=0 cap_frootid=0OUID="root" OGID="root"
type=PATH msg=audit(1788835702.173:1259): item=1 name="/lib64/ld-linux-x86-64.so.2" inode=797724 dev=08:02 mode=0100755 ouid=0 ogid=0 rdev=00:00 nametype=NORMAL cap_fp=0 cap_fi=0 cap_fe=0 cap_fver=0 cap_frootid=0OUID="root" OGID="root"
type=PROCTITLE msg=audit(1788835702.173:1259): proctitle=6C73002D2D636F6C6F723D6175746F002D6C68002F7661722F6C6F672F61756469742F
type=SYSCALL msg=audit(1788835702.181:1260): arch=c000003e syscall=42 success=no exit=-2 a0=3 a1=7ffd47ff7490 a2=6e a3=0 items=1 ppid=3066 pid=5667 auid=1000 uid=1000 gid=1000 euid=1000 suid=1000 fsuid=1000 egid=1000 sgid=1000 fsgid=1000 tty=pts0 ses=2 comm="ls" exe="/usr/bin/ls" subj=unconfined key="case01_network"ARCH=x86_64 SYSCALL=connect AUID="mxy" UID="mxy" GID="mxy" EUID="mxy" SUID="mxy" FSUID="mxy" EGID="mxy" SGID="mxy" FSGID="mxy"
type=SOCKADDR msg=audit(1788835702.181:1260): saddr=01002F7661722F72756E2F6E7363642F736F636B6574000000000000000000000200000032570000E08A138A32570000010000000200000001000000325700004076FF47FD7F0000F7A1138A325700003100000032000000086700000000000024A2138A325700002CA2138A3257SADDR={ saddr_fam=local path=/var/run/nscd/socket }
type=CWD msg=audit(1788835702.181:1260): cwd="/home/mxy"
type=PATH msg=audit(1788835702.181:1260): item=0 name="/var/run/nscd/socket" nametype=UNKNOWN cap_fp=0 cap_fi=0 cap_fe=0 cap_fver=0 cap_frootid=0
type=PROCTITLE msg=audit(1788835702.181:1260): proctitle=6C73002D2D636F6C6F723D6175746F002D6C68002F7661722F6C6F672F61756469742F
type=SYSCALL msg=audit(1788835702.181:1261): arch=c000003e syscall=42 success=no exit=-2 a0=3 a1=7ffd47ff7680 a2=6e a3=0 items=1 ppid=3066 pid=5667 auid=1000 uid=1000 gid=1000 euid=1000 suid=1000 fsuid=1000 egid=1000 sgid=1000 fsgid=1000 tty=pts0 ses=2 comm="ls" exe="/usr/bin/ls" subj=unconfined key="case01_network"ARCH=x86_64 SYSCALL=connect AUID="mxy" UID="mxy" GID="mxy" EUID="mxy" SUID="mxy" FSUID="mxy" EGID="mxy" SGID="mxy" FSGID="mxy"
type=SOCKADDR msg=audit(1788835702.181:1261): saddr=01002F7661722F72756E2F6E7363642F736F636B657400005F7DFF47FD7F0000707700081A000200040000000000000000000000000000000400000000000000D076FF47FD7F0000007889966C9613CBADC4AF7232570000E01A815EA57B00000000000000000000DC77FF47FD7FSADDR={ saddr_fam=local path=/var/run/nscd/socket }
type=CWD msg=audit(1788835702.181:1261): cwd="/home/mxy"
type=PATH msg=audit(1788835702.181:1261): item=0 name="/var/run/nscd/socket" nametype=UNKNOWN cap_fp=0 cap_fi=0 cap_fe=0 cap_fver=0 cap_frootid=0
type=PROCTITLE msg=audit(1788835702.181:1261): proctitle=6C73002D2D636F6C6F723D6175746F002D6C68002F7661722F6C6F672F61756469742F
type=SYSCALL msg=audit(1788835702.182:1262): arch=c000003e syscall=42 success=no exit=-2 a0=3 a1=7ffd47ff7040 a2=6e a3=1 items=1 ppid=3066 pid=5667 auid=1000 uid=1000 gid=1000 euid=1000 suid=1000 fsuid=1000 egid=1000 sgid=1000 fsgid=1000 tty=pts0 ses=2 comm="ls" exe="/usr/bin/ls" subj=unconfined key="case01_network"ARCH=x86_64 SYSCALL=connect AUID="mxy" UID="mxy" GID="mxy" EUID="mxy" SUID="mxy" FSUID="mxy" EGID="mxy" SGID="mxy" FSGID="mxy"
type=SOCKADDR msg=audit(1788835702.182:1262): saddr=01002F7661722F72756E2F6E7363642F736F636B6574000018C6636800000000A25ACD0E0000000000000000000000000000000000000000C463A15EA57B000097D7925EA57B000063AA9C5EA57B00009074FF47FD7F0000A433A15EA57B00004EAA9C5EA57B00007021A05EA57BSADDR={ saddr_fam=local path=/var/run/nscd/socket }
type=CWD msg=audit(1788835702.182:1262): cwd="/home/mxy"
type=PATH msg=audit(1788835702.182:1262): item=0 name="/var/run/nscd/socket" nametype=UNKNOWN cap_fp=0 cap_fi=0 cap_fe=0 cap_fver=0 cap_frootid=0
type=PROCTITLE msg=audit(1788835702.182:1262): proctitle=6C73002D2D636F6C6F723D6175746F002D6C68002F7661722F6C6F672F61756469742F
type=SYSCALL msg=audit(1788835702.182:1263): arch=c000003e syscall=42 success=no exit=-2 a0=3 a1=7ffd47ff7230 a2=6e a3=1 items=1 ppid=3066 pid=5667 auid=1000 uid=1000 gid=1000 euid=1000 suid=1000 fsuid=1000 egid=1000 sgid=1000 fsgid=1000 tty=pts0 ses=2 comm="ls" exe="/usr/bin/ls" subj=unconfined key="case01_network"ARCH=x86_64 SYSCALL=connect AUID="mxy" UID="mxy" GID="mxy" EUID="mxy" SUID="mxy" FSUID="mxy" EGID="mxy" SGID="mxy" FSGID="mxy"
type=SOCKADDR msg=audit(1788835702.182:1263): saddr=01002F7661722F72756E2F6E7363642F736F636B65740000007889966C9613CB0000645EA57B0000C03A805EA57B00000C00000000000000D8FEFFFFFFFFFFFF10B09F5EA57B0000007889966C9613CBC072FF47FD7F0000F01A815EA57B000000000000000000009C73FF47FD7FSADDR={ saddr_fam=local path=/var/run/nscd/socket }
type=CWD msg=audit(1788835702.182:1263): cwd="/home/mxy"
type=PATH msg=audit(1788835702.182:1263): item=0 name="/var/run/nscd/socket" nametype=UNKNOWN cap_fp=0 cap_fi=0 cap_fe=0 cap_fver=0 cap_frootid=0
type=PROCTITLE msg=audit(1788835702.182:1263): proctitle=6C73002D2D636F6C6F723D6175746F002D6C68002F7661722F6C6F672F61756469742F
type=SYSCALL msg=audit(1788835711.017:1264): arch=c000003e syscall=59 success=yes exit=0 a0=5d35237f4fe0 a1=5d35237f4f60 a2=5d35237f22f0 a3=5d35237f5c40 items=2 ppid=3066 pid=5668 auid=1000 uid=1000 gid=1000 euid=1000 suid=1000 fsuid=1000 egid=1000 sgid=1000 fsgid=1000 tty=pts0 ses=2 comm="mv" exe="/usr/bin/mv" subj=unconfined key="case01_process_exec"ARCH=x86_64 SYSCALL=execve AUID="mxy" UID="mxy" GID="mxy" EUID="mxy" SUID="mxy" FSUID="mxy" EGID="mxy" SGID="mxy" FSGID="mxy"
type=EXECVE msg=audit(1788835711.017:1264): argc=3 a0="mv" a1="/home/mxy/case01-core/evidence/audit-file-access.txt" a2="/home/mxy/case01-core/evidence/old/"
type=CWD msg=audit(1788835711.017:1264): cwd="/home/mxy"
type=PATH msg=audit(1788835711.017:1264): item=0 name="/usr/bin/mv" inode=787529 dev=08:02 mode=0100755 ouid=0 ogid=0 rdev=00:00 nametype=NORMAL cap_fp=0 cap_fi=0 cap_fe=0 cap_fver=0 cap_frootid=0OUID="root" OGID="root"
type=PATH msg=audit(1788835711.017:1264): item=1 name="/lib64/ld-linux-x86-64.so.2" inode=797724 dev=08:02 mode=0100755 ouid=0 ogid=0 rdev=00:00 nametype=NORMAL cap_fp=0 cap_fi=0 cap_fe=0 cap_fver=0 cap_frootid=0OUID="root" OGID="root"
type=PROCTITLE msg=audit(1788835711.017:1264): proctitle=6D76002F686F6D652F6D78792F6361736530312D636F72652F65766964656E63652F61756469742D66696C652D6163636573732E747874002F686F6D652F6D78792F6361736530312D636F72652F65766964656E63652F6F6C642F
type=SYSCALL msg=audit(1788835711.026:1265): arch=c000003e syscall=59 success=yes exit=0 a0=5d35237f5b80 a1=5d35237f4f60 a2=5d35237f22f0 a3=5d35237f59d0 items=2 ppid=3066 pid=5669 auid=1000 uid=1000 gid=1000 euid=1000 suid=1000 fsuid=1000 egid=1000 sgid=1000 fsgid=1000 tty=pts0 ses=2 comm="mv" exe="/usr/bin/mv" subj=unconfined key="case01_process_exec"ARCH=x86_64 SYSCALL=execve AUID="mxy" UID="mxy" GID="mxy" EUID="mxy" SUID="mxy" FSUID="mxy" EGID="mxy" SGID="mxy" FSGID="mxy"
type=EXECVE msg=audit(1788835711.026:1265): argc=3 a0="mv" a1="/home/mxy/case01-core/evidence/audit-network.txt" a2="/home/mxy/case01-core/evidence/old/"
type=CWD msg=audit(1788835711.026:1265): cwd="/home/mxy"
type=PATH msg=audit(1788835711.026:1265): item=0 name="/usr/bin/mv" inode=787529 dev=08:02 mode=0100755 ouid=0 ogid=0 rdev=00:00 nametype=NORMAL cap_fp=0 cap_fi=0 cap_fe=0 cap_fver=0 cap_frootid=0OUID="root" OGID="root"
type=PATH msg=audit(1788835711.026:1265): item=1 name="/lib64/ld-linux-x86-64.so.2" inode=797724 dev=08:02 mode=0100755 ouid=0 ogid=0 rdev=00:00 nametype=NORMAL cap_fp=0 cap_fi=0 cap_fe=0 cap_fver=0 cap_frootid=0OUID="root" OGID="root"
type=PROCTITLE msg=audit(1788835711.026:1265): proctitle=6D76002F686F6D652F6D78792F6361736530312D636F72652F65766964656E63652F61756469742D6E6574776F726B2E747874002F686F6D652F6D78792F6361736530312D636F72652F65766964656E63652F6F6C642F
type=SYSCALL msg=audit(1788835711.032:1266): arch=c000003e syscall=59 success=yes exit=0 a0=5d35237f58e0 a1=5d35237f4f60 a2=5d35237f22f0 a3=5d35237f5e70 items=2 ppid=3066 pid=5670 auid=1000 uid=1000 gid=1000 euid=1000 suid=1000 fsuid=1000 egid=1000 sgid=1000 fsgid=1000 tty=pts0 ses=2 comm="mv" exe="/usr/bin/mv" subj=unconfined key="case01_process_exec"ARCH=x86_64 SYSCALL=execve AUID="mxy" UID="mxy" GID="mxy" EUID="mxy" SUID="mxy" FSUID="mxy" EGID="mxy" SGID="mxy" FSGID="mxy"
type=EXECVE msg=audit(1788835711.032:1266): argc=3 a0="mv" a1="/home/mxy/case01-core/evidence/audit-process-exec.txt" a2="/home/mxy/case01-core/evidence/old/"
type=CWD msg=audit(1788835711.032:1266): cwd="/home/mxy"
type=PATH msg=audit(1788835711.032:1266): item=0 name="/usr/bin/mv" inode=787529 dev=08:02 mode=0100755 ouid=0 ogid=0 rdev=00:00 nametype=NORMAL cap_fp=0 cap_fi=0 cap_fe=0 cap_fver=0 cap_frootid=0OUID="root" OGID="root"
type=PATH msg=audit(1788835711.032:1266): item=1 name="/lib64/ld-linux-x86-64.so.2" inode=797724 dev=08:02 mode=0100755 ouid=0 ogid=0 rdev=00:00 nametype=NORMAL cap_fp=0 cap_fi=0 cap_fe=0 cap_fver=0 cap_frootid=0OUID="root" OGID="root"
type=PROCTITLE msg=audit(1788835711.032:1266): proctitle=6D76002F686F6D652F6D78792F6361736530312D636F72652F65766964656E63652F61756469742D70726F636573732D657865632E747874002F686F6D652F6D78792F6361736530312D636F72652F65766964656E63652F6F6C642F
type=BPF msg=audit(1788835730.688:1267): prog-id=197 op=LOAD
type=BPF msg=audit(1788835730.688:1268): prog-id=198 op=LOAD
type=BPF msg=audit(1788835730.689:1269): prog-id=199 op=LOAD
type=SYSCALL msg=audit(1788835730.703:1270): arch=c000003e syscall=42 success=yes exit=0 a0=4 a1=7fff54ddc4a0 a2=1e a3=7fff54ddc550 items=1 ppid=1 pid=5674 auid=4294967295 uid=0 gid=0 euid=0 suid=0 fsuid=0 egid=0 sgid=0 fsgid=0 tty=(none) ses=4294967295 comm="9" exe="/usr/lib/systemd/systemd-executor" subj=unconfined key="case01_network"ARCH=x86_64 SYSCALL=connect AUID="unset" UID="root" GID="root" EUID="root" SUID="root" FSUID="root" EGID="root" SGID="root" FSGID="root"
type=SOCKADDR msg=audit(1788835730.703:1270): saddr=01002F72756E2F73797374656D642F6A6F75726E616C2F736F636B657400SADDR={ saddr_fam=local path=/run/systemd/journal/socket }
type=CWD msg=audit(1788835730.703:1270): cwd="/"
type=PATH msg=audit(1788835730.703:1270): item=0 name="/run/systemd/journal/socket" inode=469 dev=00:1a mode=0140666 ouid=0 ogid=0 rdev=00:00 nametype=NORMAL cap_fp=0 cap_fi=0 cap_fe=0 cap_fver=0 cap_frootid=0OUID="root" OGID="root"
type=PROCTITLE msg=audit(1788835730.703:1270): proctitle=2F7573722F6C69622F73797374656D642F73797374656D642D6578656375746F72002D2D646573657269616C697A6500313034002D2D6C6F672D6C6576656C00696E666F002D2D6C6F672D746172676574006A6F75726E616C2D6F722D6B6D7367
type=SYSCALL msg=audit(1788835730.713:1271): arch=c000003e syscall=42 success=yes exit=0 a0=3 a1=7fff54ddc020 a2=1e a3=fffffff7 items=1 ppid=1 pid=5674 auid=4294967295 uid=0 gid=0 euid=0 suid=0 fsuid=0 egid=0 sgid=0 fsgid=0 tty=(none) ses=4294967295 comm="(ostnamed)" exe="/usr/lib/systemd/systemd-executor" subj=unconfined key="case01_network"ARCH=x86_64 SYSCALL=connect AUID="unset" UID="root" GID="root" EUID="root" SUID="root" FSUID="root" EGID="root" SGID="root" FSGID="root"
type=SOCKADDR msg=audit(1788835730.713:1271): saddr=01002F72756E2F73797374656D642F6A6F75726E616C2F7374646F757400SADDR={ saddr_fam=local path=/run/systemd/journal/stdout }
type=CWD msg=audit(1788835730.713:1271): cwd="/"
type=PATH msg=audit(1788835730.713:1271): item=0 name="/run/systemd/journal/stdout" inode=470 dev=00:1a mode=0140666 ouid=0 ogid=0 rdev=00:00 nametype=NORMAL cap_fp=0 cap_fi=0 cap_fe=0 cap_fver=0 cap_frootid=0OUID="root" OGID="root"
type=PROCTITLE msg=audit(1788835730.713:1271): proctitle=2F7573722F6C69622F73797374656D642F73797374656D642D6578656375746F72002D2D646573657269616C697A6500313034002D2D6C6F672D6C6576656C00696E666F002D2D6C6F672D746172676574006A6F75726E616C2D6F722D6B6D7367
type=SYSCALL msg=audit(1788835730.726:1272): arch=c000003e syscall=49 success=yes exit=0 a0=3 a1=57b86cce30f8 a2=10 a3=7fff54ddc0d4 items=0 ppid=1 pid=5674 auid=4294967295 uid=0 gid=0 euid=0 suid=0 fsuid=0 egid=0 sgid=0 fsgid=0 tty=(none) ses=4294967295 comm="(ostnamed)" exe="/usr/lib/systemd/systemd-executor" subj=unconfined key="case01_network"ARCH=x86_64 SYSCALL=bind AUID="unset" UID="root" GID="root" EUID="root" SUID="root" FSUID="root" EGID="root" SGID="root" FSGID="root"
type=SOCKADDR msg=audit(1788835730.726:1272): saddr=10000000000000000000000000000000SADDR={ saddr_fam=netlink nlnk-fam=16 nlnk-pid=0 }
type=PROCTITLE msg=audit(1788835730.726:1272): proctitle=2F7573722F6C69622F73797374656D642F73797374656D642D6578656375746F72002D2D646573657269616C697A6500313034002D2D6C6F672D6C6576656C00696E666F002D2D6C6F672D746172676574006A6F75726E616C2D6F722D6B6D7367
type=SYSCALL msg=audit(1788835730.851:1273): arch=c000003e syscall=42 success=yes exit=0 a0=3 a1=7ffc290549d0 a2=1e a3=7ffc29054a80 items=1 ppid=1 pid=5674 auid=4294967295 uid=0 gid=0 euid=0 suid=0 fsuid=0 egid=0 sgid=0 fsgid=0 tty=(none) ses=4294967295 comm="systemd-hostnam" exe="/usr/lib/systemd/systemd-hostnamed" subj=unconfined key="case01_network"ARCH=x86_64 SYSCALL=connect AUID="unset" UID="root" GID="root" EUID="root" SUID="root" FSUID="root" EGID="root" SGID="root" FSGID="root"
type=SOCKADDR msg=audit(1788835730.851:1273): saddr=01002F72756E2F73797374656D642F6A6F75726E616C2F736F636B657400SADDR={ saddr_fam=local path=/run/systemd/journal/socket }
type=CWD msg=audit(1788835730.851:1273): cwd="/"
type=PATH msg=audit(1788835730.851:1273): item=0 name="/run/systemd/journal/socket" inode=469 dev=00:1a mode=0140666 ouid=0 ogid=0 rdev=00:00 nametype=NORMAL cap_fp=0 cap_fi=0 cap_fe=0 cap_fver=0 cap_frootid=0OUID="root" OGID="root"
type=PROCTITLE msg=audit(1788835730.851:1273): proctitle=2F7573722F6C69622F73797374656D642F73797374656D642D6578656375746F72002D2D646573657269616C697A6500313034002D2D6C6F672D6C6576656C00696E666F002D2D6C6F672D746172676574006A6F75726E616C2D6F722D6B6D7367
type=SYSCALL msg=audit(1788835730.852:1274): arch=c000003e syscall=49 success=yes exit=0 a0=7 a1=7ffc29054830 a2=2e a3=1 items=0 ppid=1 pid=5674 auid=4294967295 uid=0 gid=0 euid=0 suid=0 fsuid=0 egid=0 sgid=0 fsgid=0 tty=(none) ses=4294967295 comm="systemd-hostnam" exe="/usr/lib/systemd/systemd-hostnamed" subj=unconfined key="case01_network"ARCH=x86_64 SYSCALL=bind AUID="unset" UID="root" GID="root" EUID="root" SUID="root" FSUID="root" EGID="root" SGID="root" FSGID="root"
type=SOCKADDR msg=audit(1788835730.852:1274): saddr=010000383233326561643236613463663339612F6275732F73797374656D642D686F73746E616D2F73797374656DSADDR={ saddr_fam=local path=8232ead26a4cf39a/bus/systemd-hostnam/system }
type=PROCTITLE msg=audit(1788835730.852:1274): proctitle=2F7573722F6C69622F73797374656D642F73797374656D642D6578656375746F72002D2D646573657269616C697A6500313034002D2D6C6F672D6C6576656C00696E666F002D2D6C6F672D746172676574006A6F75726E616C2D6F722D6B6D7367
type=SYSCALL msg=audit(1788835730.852:1275): arch=c000003e syscall=42 success=yes exit=0 a0=7 a1=576641a65478 a2=1e a3=7ffc29054794 items=1 ppid=1 pid=5674 auid=4294967295 uid=0 gid=0 euid=0 suid=0 fsuid=0 egid=0 sgid=0 fsgid=0 tty=(none) ses=4294967295 comm="systemd-hostnam" exe="/usr/lib/systemd/systemd-hostnamed" subj=unconfined key="case01_network"ARCH=x86_64 SYSCALL=connect AUID="unset" UID="root" GID="root" EUID="root" SUID="root" FSUID="root" EGID="root" SGID="root" FSGID="root"
type=SOCKADDR msg=audit(1788835730.852:1275): saddr=01002F72756E2F646275732F73797374656D5F6275735F736F636B657400SADDR={ saddr_fam=local path=/run/dbus/system_bus_socket }
type=CWD msg=audit(1788835730.852:1275): cwd="/"
type=PATH msg=audit(1788835730.852:1275): item=0 name="/run/dbus/system_bus_socket" inode=1287 dev=00:1a mode=0140666 ouid=0 ogid=0 rdev=00:00 nametype=NORMAL cap_fp=0 cap_fi=0 cap_fe=0 cap_fver=0 cap_frootid=0OUID="root" OGID="root"
type=PROCTITLE msg=audit(1788835730.852:1275): proctitle=2F7573722F6C69622F73797374656D642F73797374656D642D6578656375746F72002D2D646573657269616C697A6500313034002D2D6C6F672D6C6576656C00696E666F002D2D6C6F672D746172676574006A6F75726E616C2D6F722D6B6D7367
type=SERVICE_START msg=audit(1788835730.857:1276): pid=1 uid=0 auid=4294967295 ses=4294967295 subj=unconfined msg='unit=systemd-hostnamed comm="systemd" exe="/usr/lib/systemd/systemd" hostname=? addr=? terminal=? res=success'UID="root" AUID="unset"
type=SERVICE_STOP msg=audit(1788835760.963:1277): pid=1 uid=0 auid=4294967295 ses=4294967295 subj=unconfined msg='unit=systemd-hostnamed comm="systemd" exe="/usr/lib/systemd/systemd" hostname=? addr=? terminal=? res=success'UID="root" AUID="unset"
type=BPF msg=audit(1788835761.021:1278): prog-id=199 op=UNLOAD
type=BPF msg=audit(1788835761.021:1279): prog-id=198 op=UNLOAD
type=BPF msg=audit(1788835761.021:1280): prog-id=197 op=UNLOAD
type=SYSCALL msg=audit(1788835761.804:1281): arch=c000003e syscall=257 success=yes exit=5 a0=ffffff9c a1=78c395b97f90 a2=80000 a3=0 items=1 ppid=4766 pid=4773 auid=1000 uid=1000 gid=1000 euid=1000 suid=1000 fsuid=1000 egid=1000 sgid=1000 fsgid=1000 tty=pts1 ses=2 comm="python3" exe="/usr/bin/python3.12" subj=unconfined key="case01_demo_file"ARCH=x86_64 SYSCALL=openat AUID="mxy" UID="mxy" GID="mxy" EUID="mxy" SUID="mxy" FSUID="mxy" EGID="mxy" SGID="mxy" FSGID="mxy"
type=CWD msg=audit(1788835761.804:1281): cwd="/home/mxy/case01-core"
type=PATH msg=audit(1788835761.804:1281): item=0 name="data/finance_demo.txt" inode=264115 dev=08:02 mode=0100664 ouid=1000 ogid=1000 rdev=00:00 nametype=NORMAL cap_fp=0 cap_fi=0 cap_fe=0 cap_fver=0 cap_frootid=0OUID="mxy" OGID="mxy"
type=PROCTITLE msg=audit(1788835761.804:1281): proctitle=707974686F6E3300636F72655F7365727665722E7079
type=SYSCALL msg=audit(1788835784.450:1282): arch=c000003e syscall=59 success=yes exit=0 a0=5d3012f6c1b0 a1=5d30137faac0 a2=5d3013da0860 a3=0 items=2 ppid=1770 pid=5714 auid=1000 uid=1000 gid=1000 euid=1000 suid=1000 fsuid=1000 egid=1000 sgid=1000 fsgid=1000 tty=(none) ses=2 comm="gio-launch-desk" exe="/usr/lib/x86_64-linux-gnu/glib-2.0/gio-launch-desktop" subj=unconfined key="case01_process_exec"ARCH=x86_64 SYSCALL=execve AUID="mxy" UID="mxy" GID="mxy" EUID="mxy" SUID="mxy" FSUID="mxy" EGID="mxy" SGID="mxy" FSGID="mxy"
type=EXECVE msg=audit(1788835784.450:1282): argc=3 a0="/usr/lib/x86_64-linux-gnu/glib-2.0/gio-launch-desktop" a1="/usr/bin/gnome-terminal" a2="--window"
type=CWD msg=audit(1788835784.450:1282): cwd="/home/mxy"
type=PATH msg=audit(1788835784.450:1282): item=0 name="/usr/lib/x86_64-linux-gnu/glib-2.0/gio-launch-desktop" inode=791133 dev=08:02 mode=0100755 ouid=0 ogid=0 rdev=00:00 nametype=NORMAL cap_fp=0 cap_fi=0 cap_fe=0 cap_fver=0 cap_frootid=0OUID="root" OGID="root"
type=PATH msg=audit(1788835784.450:1282): item=1 name="/lib64/ld-linux-x86-64.so.2" inode=797724 dev=08:02 mode=0100755 ouid=0 ogid=0 rdev=00:00 nametype=NORMAL cap_fp=0 cap_fi=0 cap_fe=0 cap_fver=0 cap_frootid=0OUID="root" OGID="root"
type=PROCTITLE msg=audit(1788835784.450:1282): proctitle=2F7573722F6C69622F7838365F36342D6C696E75782D676E752F676C69622D322E302F67696F2D6C61756E63682D6465736B746F70002F7573722F62696E2F676E6F6D652D7465726D696E616C002D2D77696E646F77
type=SYSCALL msg=audit(1788835784.457:1283): arch=c000003e syscall=42 success=yes exit=0 a0=3 a1=7ffec462d040 a2=1e a3=1 items=1 ppid=1770 pid=5714 auid=1000 uid=1000 gid=1000 euid=1000 suid=1000 fsuid=1000 egid=1000 sgid=1000 fsgid=1000 tty=(none) ses=2 comm="gio-launch-desk" exe="/usr/lib/x86_64-linux-gnu/glib-2.0/gio-launch-desktop" subj=unconfined key="case01_network"ARCH=x86_64 SYSCALL=connect AUID="mxy" UID="mxy" GID="mxy" EUID="mxy" SUID="mxy" FSUID="mxy" EGID="mxy" SGID="mxy" FSGID="mxy"
type=SOCKADDR msg=audit(1788835784.457:1283): saddr=01002F72756E2F73797374656D642F6A6F75726E616C2F7374646F757400SADDR={ saddr_fam=local path=/run/systemd/journal/stdout }
type=CWD msg=audit(1788835784.457:1283): cwd="/home/mxy"
type=PATH msg=audit(1788835784.457:1283): item=0 name="/run/systemd/journal/stdout" inode=470 dev=00:1a mode=0140666 ouid=0 ogid=0 rdev=00:00 nametype=NORMAL cap_fp=0 cap_fi=0 cap_fe=0 cap_fver=0 cap_frootid=0OUID="root" OGID="root"
type=PROCTITLE msg=audit(1788835784.457:1283): proctitle=2F7573722F6C69622F7838365F36342D6C696E75782D676E752F676C69622D322E302F67696F2D6C61756E63682D6465736B746F70002F7573722F62696E2F676E6F6D652D7465726D696E616C002D2D77696E646F77
type=SYSCALL msg=audit(1788835784.458:1284): arch=c000003e syscall=59 success=yes exit=0 a0=7ffec462e865 a1=7ffec462d2a0 a2=5d4fa54482a0 a3=7ffec462d03c items=3 ppid=1770 pid=5714 auid=1000 uid=1000 gid=1000 euid=1000 suid=1000 fsuid=1000 egid=1000 sgid=1000 fsgid=1000 tty=(none) ses=2 comm="gnome-terminal" exe="/usr/bin/python3.12" subj=unconfined key="case01_process_exec"ARCH=x86_64 SYSCALL=execve AUID="mxy" UID="mxy" GID="mxy" EUID="mxy" SUID="mxy" FSUID="mxy" EGID="mxy" SGID="mxy" FSGID="mxy"
type=EXECVE msg=audit(1788835784.458:1284): argc=3 a0="/usr/bin/python3" a1="/usr/bin/gnome-terminal" a2="--window"
type=CWD msg=audit(1788835784.458:1284): cwd="/home/mxy"
type=PATH msg=audit(1788835784.458:1284): item=0 name="/usr/bin/gnome-terminal" inode=787266 dev=08:02 mode=0100755 ouid=0 ogid=0 rdev=00:00 nametype=NORMAL cap_fp=0 cap_fi=0 cap_fe=0 cap_fver=0 cap_frootid=0OUID="root" OGID="root"
type=PATH msg=audit(1788835784.458:1284): item=1 name="/usr/bin/python3" inode=788383 dev=08:02 mode=0100755 ouid=0 ogid=0 rdev=00:00 nametype=NORMAL cap_fp=0 cap_fi=0 cap_fe=0 cap_fver=0 cap_frootid=0OUID="root" OGID="root"
type=PATH msg=audit(1788835784.458:1284): item=2 name="/lib64/ld-linux-x86-64.so.2" inode=797724 dev=08:02 mode=0100755 ouid=0 ogid=0 rdev=00:00 nametype=NORMAL cap_fp=0 cap_fi=0 cap_fe=0 cap_fver=0 cap_frootid=0OUID="root" OGID="root"
type=PROCTITLE msg=audit(1788835784.458:1284): proctitle=2F7573722F6C69622F7838365F36342D6C696E75782D676E752F676C69622D322E302F67696F2D6C61756E63682D6465736B746F70002F7573722F62696E2F676E6F6D652D7465726D696E616C002D2D77696E646F77
type=SYSCALL msg=audit(1788835784.570:1285): arch=c000003e syscall=59 success=yes exit=0 a0=78769ab5f650 a1=78769aa5d470 a2=7ffd84899308 a3=78769bc148a8 items=2 ppid=5714 pid=5716 auid=1000 uid=1000 gid=1000 euid=1000 suid=1000 fsuid=1000 egid=1000 sgid=1000 fsgid=1000 tty=(none) ses=2 comm="gnome-terminal." exe="/usr/bin/gnome-terminal.real" subj=unconfined key="case01_process_exec"ARCH=x86_64 SYSCALL=execve AUID="mxy" UID="mxy" GID="mxy" EUID="mxy" SUID="mxy" FSUID="mxy" EGID="mxy" SGID="mxy" FSGID="mxy"
type=EXECVE msg=audit(1788835784.570:1285): argc=2 a0="/usr/bin/gnome-terminal.real" a1="--window"
type=CWD msg=audit(1788835784.570:1285): cwd="/home/mxy"
type=PATH msg=audit(1788835784.570:1285): item=0 name="/usr/bin/gnome-terminal.real" inode=787267 dev=08:02 mode=0100755 ouid=0 ogid=0 rdev=00:00 nametype=NORMAL cap_fp=0 cap_fi=0 cap_fe=0 cap_fver=0 cap_frootid=0OUID="root" OGID="root"
type=PATH msg=audit(1788835784.570:1285): item=1 name="/lib64/ld-linux-x86-64.so.2" inode=797724 dev=08:02 mode=0100755 ouid=0 ogid=0 rdev=00:00 nametype=NORMAL cap_fp=0 cap_fi=0 cap_fe=0 cap_fver=0 cap_frootid=0OUID="root" OGID="root"
type=PROCTITLE msg=audit(1788835784.570:1285): proctitle=2F7573722F62696E2F676E6F6D652D7465726D696E616C2E7265616C002D2D77696E646F77
type=SYSCALL msg=audit(1788835784.616:1286): arch=c000003e syscall=42 success=yes exit=0 a0=3 a1=7ffcc1d6ddf0 a2=1b a3=7c20d1c18eb0 items=1 ppid=5714 pid=5716 auid=1000 uid=1000 gid=1000 euid=1000 suid=1000 fsuid=1000 egid=1000 sgid=1000 fsgid=1000 tty=(none) ses=2 comm="gnome-terminal." exe="/usr/bin/gnome-terminal.real" subj=unconfined key="case01_network"ARCH=x86_64 SYSCALL=connect AUID="mxy" UID="mxy" GID="mxy" EUID="mxy" SUID="mxy" FSUID="mxy" EGID="mxy" SGID="mxy" FSGID="mxy"
type=SOCKADDR msg=audit(1788835784.616:1286): saddr=01002F72756E2F757365722F313030302F7761796C616E642D3000SADDR={ saddr_fam=local path=/run/user/1000/wayland-0 }
type=CWD msg=audit(1788835784.616:1286): cwd="/home/mxy"
type=PATH msg=audit(1788835784.616:1286): item=0 name="/run/user/1000/wayland-0" inode=132 dev=00:3a mode=0140775 ouid=1000 ogid=1000 rdev=00:00 nametype=NORMAL cap_fp=0 cap_fi=0 cap_fe=0 cap_fver=0 cap_frootid=0OUID="mxy" OGID="mxy"
type=PROCTITLE msg=audit(1788835784.616:1286): proctitle=2F7573722F62696E2F676E6F6D652D7465726D696E616C2E7265616C002D2D77696E646F77
type=SYSCALL msg=audit(1788835784.621:1287): arch=c000003e syscall=42 success=yes exit=0 a0=6 a1=7c20cc9fc420 a2=6e a3=0 items=1 ppid=5714 pid=5716 auid=1000 uid=1000 gid=1000 euid=1000 suid=1000 fsuid=1000 egid=1000 sgid=1000 fsgid=1000 tty=(none) ses=2 comm="pool-gnome-term" exe="/usr/bin/gnome-terminal.real" subj=unconfined key="case01_network"ARCH=x86_64 SYSCALL=connect AUID="mxy" UID="mxy" GID="mxy" EUID="mxy" SUID="mxy" FSUID="mxy" EGID="mxy" SGID="mxy" FSGID="mxy"
type=SOCKADDR msg=audit(1788835784.621:1287): saddr=01002F72756E2F757365722F313030302F627573000000000000000000000000000000000000000000000000000000000000000000000000000000000000000000000000000000000000000000000000000000000000000000000000000000000000000000000000000000000000SADDR={ saddr_fam=local path=/run/user/1000/bus }
type=CWD msg=audit(1788835784.621:1287): cwd="/home/mxy"
type=PATH msg=audit(1788835784.621:1287): item=0 name="/run/user/1000/bus" inode=57 dev=00:3a mode=0140666 ouid=1000 ogid=1000 rdev=00:00 nametype=NORMAL cap_fp=0 cap_fi=0 cap_fe=0 cap_fver=0 cap_frootid=0OUID="mxy" OGID="mxy"
type=PROCTITLE msg=audit(1788835784.621:1287): proctitle=2F7573722F62696E2F676E6F6D652D7465726D696E616C2E7265616C002D2D77696E646F77
type=SYSCALL msg=audit(1788835784.743:1288): arch=c000003e syscall=42 success=yes exit=0 a0=9 a1=7ffcc1d6d160 a2=14 a3=60fd45a99160 items=1 ppid=5714 pid=5716 auid=1000 uid=1000 gid=1000 euid=1000 suid=1000 fsuid=1000 egid=1000 sgid=1000 fsgid=1000 tty=(none) ses=2 comm="gnome-terminal." exe="/usr/bin/gnome-terminal.real" subj=unconfined key="case01_network"ARCH=x86_64 SYSCALL=connect AUID="mxy" UID="mxy" GID="mxy" EUID="mxy" SUID="mxy" FSUID="mxy" EGID="mxy" SGID="mxy" FSGID="mxy"
type=SOCKADDR msg=audit(1788835784.743:1288): saddr=01002F72756E2F757365722F313030302F627573SADDR={ saddr_fam=local path=/run/user/1000/bus }
type=CWD msg=audit(1788835784.743:1288): cwd="/home/mxy"
type=PATH msg=audit(1788835784.743:1288): item=0 name="/run/user/1000/bus" inode=57 dev=00:3a mode=0140666 ouid=1000 ogid=1000 rdev=00:00 nametype=NORMAL cap_fp=0 cap_fi=0 cap_fe=0 cap_fver=0 cap_frootid=0OUID="mxy" OGID="mxy"
type=PROCTITLE msg=audit(1788835784.743:1288): proctitle=2F7573722F62696E2F676E6F6D652D7465726D696E616C2E7265616C002D2D77696E646F77
type=SYSCALL msg=audit(1788835784.749:1289): arch=c000003e syscall=42 success=yes exit=0 a0=b a1=7ffcc1d6d200 a2=1b a3=60fd45a9b8c0 items=1 ppid=5714 pid=5716 auid=1000 uid=1000 gid=1000 euid=1000 suid=1000 fsuid=1000 egid=1000 sgid=1000 fsgid=1000 tty=(none) ses=2 comm="gnome-terminal." exe="/usr/bin/gnome-terminal.real" subj=unconfined key="case01_network"ARCH=x86_64 SYSCALL=connect AUID="mxy" UID="mxy" GID="mxy" EUID="mxy" SUID="mxy" FSUID="mxy" EGID="mxy" SGID="mxy" FSGID="mxy"
type=SOCKADDR msg=audit(1788835784.749:1289): saddr=01002F72756E2F757365722F313030302F61742D7370692F627573SADDR={ saddr_fam=local path=/run/user/1000/at-spi/bus }
type=CWD msg=audit(1788835784.749:1289): cwd="/home/mxy"
type=PATH msg=audit(1788835784.749:1289): item=0 name="/run/user/1000/at-spi/bus" inode=124 dev=00:3a mode=0140777 ouid=1000 ogid=1000 rdev=00:00 nametype=NORMAL cap_fp=0 cap_fi=0 cap_fe=0 cap_fver=0 cap_frootid=0OUID="mxy" OGID="mxy"
type=PROCTITLE msg=audit(1788835784.749:1289): proctitle=2F7573722F62696E2F676E6F6D652D7465726D696E616C2E7265616C002D2D77696E646F77
type=SYSCALL msg=audit(1788835784.887:1290): arch=c000003e syscall=59 success=yes exit=0 a0=5f3fb29bfd50 a1=5f3fb339b160 a2=5f3fb33fde90 a3=8 items=2 ppid=3058 pid=5722 auid=1000 uid=1000 gid=1000 euid=1000 suid=1000 fsuid=1000 egid=1000 sgid=1000 fsgid=1000 tty=pts0 ses=2 comm="bash" exe="/usr/bin/bash" subj=unconfined key="case01_process_exec"ARCH=x86_64 SYSCALL=execve AUID="mxy" UID="mxy" GID="mxy" EUID="mxy" SUID="mxy" FSUID="mxy" EGID="mxy" SGID="mxy" FSGID="mxy"
type=EXECVE msg=audit(1788835784.887:1290): argc=1 a0="bash"
type=CWD msg=audit(1788835784.887:1290): cwd="/home/mxy"
type=PATH msg=audit(1788835784.887:1290): item=0 name="/bin/bash" inode=787002 dev=08:02 mode=0100755 ouid=0 ogid=0 rdev=00:00 nametype=NORMAL cap_fp=0 cap_fi=0 cap_fe=0 cap_fver=0 cap_frootid=0OUID="root" OGID="root"
type=PATH msg=audit(1788835784.887:1290): item=1 name="/lib64/ld-linux-x86-64.so.2" inode=797724 dev=08:02 mode=0100755 ouid=0 ogid=0 rdev=00:00 nametype=NORMAL cap_fp=0 cap_fi=0 cap_fe=0 cap_fver=0 cap_frootid=0OUID="root" OGID="root"
type=PROCTITLE msg=audit(1788835784.887:1290): proctitle="bash"
type=SYSCALL msg=audit(1788835784.898:1291): arch=c000003e syscall=42 success=no exit=-2 a0=3 a1=7fff5e1092b0 a2=6e a3=1 items=1 ppid=3058 pid=5722 auid=1000 uid=1000 gid=1000 euid=1000 suid=1000 fsuid=1000 egid=1000 sgid=1000 fsgid=1000 tty=pts0 ses=2 comm="bash" exe="/usr/bin/bash" subj=unconfined key="case01_network"ARCH=x86_64 SYSCALL=connect AUID="mxy" UID="mxy" GID="mxy" EUID="mxy" SUID="mxy" FSUID="mxy" EGID="mxy" SGID="mxy" FSGID="mxy"
type=SOCKADDR msg=audit(1788835784.898:1291): saddr=01002F7661722F72756E2F6E7363642F736F636B6574000000981073D8C6E8C1B093105EFF7F000088FFFFFFFFFFFFFF0000000000000000402602F1D6600000B093105EFF7F0000502602F1D66000004093105EFF7F0000AEDD2AEDF67800000100000000000000300000000000SADDR={ saddr_fam=local path=/var/run/nscd/socket }
type=CWD msg=audit(1788835784.898:1291): cwd="/home/mxy"
type=PATH msg=audit(1788835784.898:1291): item=0 name="/var/run/nscd/socket" nametype=UNKNOWN cap_fp=0 cap_fi=0 cap_fe=0 cap_fver=0 cap_frootid=0
type=PROCTITLE msg=audit(1788835784.898:1291): proctitle="bash"
type=SYSCALL msg=audit(1788835784.898:1292): arch=c000003e syscall=42 success=no exit=-2 a0=3 a1=7fff5e1094a0 a2=6e a3=1 items=1 ppid=3058 pid=5722 auid=1000 uid=1000 gid=1000 euid=1000 suid=1000 fsuid=1000 egid=1000 sgid=1000 fsgid=1000 tty=pts0 ses=2 comm="bash" exe="/usr/bin/bash" subj=unconfined key="case01_network"ARCH=x86_64 SYSCALL=connect AUID="mxy" UID="mxy" GID="mxy" EUID="mxy" SUID="mxy" FSUID="mxy" EGID="mxy" SGID="mxy" FSGID="mxy"
type=SOCKADDR msg=audit(1788835784.898:1292): saddr=01002F7661722F72756E2F6E7363642F736F636B6574000040C35AEDF6780000B095105EFF7F00000A0000000000000000000000000000000000000000000000000000000000000000981073D8C6E8C140D57FD8D6600000E01A41EDF67800000000000000000000FC95105EFF7FSADDR={ saddr_fam=local path=/var/run/nscd/socket }
type=CWD msg=audit(1788835784.898:1292): cwd="/home/mxy"
type=PATH msg=audit(1788835784.898:1292): item=0 name="/var/run/nscd/socket" nametype=UNKNOWN cap_fp=0 cap_fi=0 cap_fe=0 cap_fver=0 cap_frootid=0
type=PROCTITLE msg=audit(1788835784.898:1292): proctitle="bash"
type=SYSCALL msg=audit(1788835784.907:1293): arch=c000003e syscall=59 success=yes exit=0 a0=60d6f10505e0 a1=60d6f1055b60 a2=60d6f104f220 a3=8 items=3 ppid=5722 pid=5724 auid=1000 uid=1000 gid=1000 euid=1000 suid=1000 fsuid=1000 egid=1000 sgid=1000 fsgid=1000 tty=pts0 ses=2 comm="lesspipe" exe="/usr/bin/dash" subj=unconfined key="case01_process_exec"ARCH=x86_64 SYSCALL=execve AUID="mxy" UID="mxy" GID="mxy" EUID="mxy" SUID="mxy" FSUID="mxy" EGID="mxy" SGID="mxy" FSGID="mxy"
type=EXECVE msg=audit(1788835784.907:1293): argc=2 a0="/bin/sh" a1="/usr/bin/lesspipe"
type=CWD msg=audit(1788835784.907:1293): cwd="/home/mxy"
type=PATH msg=audit(1788835784.907:1293): item=0 name="/usr/bin/lesspipe" inode=787431 dev=08:02 mode=0100755 ouid=0 ogid=0 rdev=00:00 nametype=NORMAL cap_fp=0 cap_fi=0 cap_fe=0 cap_fver=0 cap_frootid=0OUID="root" OGID="root"
type=PATH msg=audit(1788835784.907:1293): item=1 name="/bin/sh" inode=787083 dev=08:02 mode=0100755 ouid=0 ogid=0 rdev=00:00 nametype=NORMAL cap_fp=0 cap_fi=0 cap_fe=0 cap_fver=0 cap_frootid=0OUID="root" OGID="root"
type=PATH msg=audit(1788835784.907:1293): item=2 name="/lib64/ld-linux-x86-64.so.2" inode=797724 dev=08:02 mode=0100755 ouid=0 ogid=0 rdev=00:00 nametype=NORMAL cap_fp=0 cap_fi=0 cap_fe=0 cap_fver=0 cap_frootid=0OUID="root" OGID="root"
type=PROCTITLE msg=audit(1788835784.907:1293): proctitle=2F62696E2F7368002F7573722F62696E2F6C65737370697065
type=SYSCALL msg=audit(1788835784.911:1294): arch=c000003e syscall=59 success=yes exit=0 a0=57729a9c3f08 a1=57728c275600 a2=57729a9c3d98 a3=1 items=2 ppid=5724 pid=5725 auid=1000 uid=1000 gid=1000 euid=1000 suid=1000 fsuid=1000 egid=1000 sgid=1000 fsgid=1000 tty=pts0 ses=2 comm="basename" exe="/usr/bin/basename" subj=unconfined key="case01_process_exec"ARCH=x86_64 SYSCALL=execve AUID="mxy" UID="mxy" GID="mxy" EUID="mxy" SUID="mxy" FSUID="mxy" EGID="mxy" SGID="mxy" FSGID="mxy"
type=EXECVE msg=audit(1788835784.911:1294): argc=2 a0="basename" a1="/usr/bin/lesspipe"
type=CWD msg=audit(1788835784.911:1294): cwd="/home/mxy"
type=PATH msg=audit(1788835784.911:1294): item=0 name="/usr/bin/basename" inode=787000 dev=08:02 mode=0100755 ouid=0 ogid=0 rdev=00:00 nametype=NORMAL cap_fp=0 cap_fi=0 cap_fe=0 cap_fver=0 cap_frootid=0OUID="root" OGID="root"
type=PATH msg=audit(1788835784.911:1294): item=1 name="/lib64/ld-linux-x86-64.so.2" inode=797724 dev=08:02 mode=0100755 ouid=0 ogid=0 rdev=00:00 nametype=NORMAL cap_fp=0 cap_fi=0 cap_fe=0 cap_fver=0 cap_frootid=0OUID="root" OGID="root"
type=PROCTITLE msg=audit(1788835784.911:1294): proctitle=626173656E616D65002F7573722F62696E2F6C65737370697065
type=SYSCALL msg=audit(1788835784.918:1295): arch=c000003e syscall=59 success=yes exit=0 a0=57729a9cfe88 a1=57729a9cfd00 a2=57729a9cfd18 a3=1 items=2 ppid=5726 pid=5727 auid=1000 uid=1000 gid=1000 euid=1000 suid=1000 fsuid=1000 egid=1000 sgid=1000 fsgid=1000 tty=pts0 ses=2 comm="dirname" exe="/usr/bin/dirname" subj=unconfined key="case01_process_exec"ARCH=x86_64 SYSCALL=execve AUID="mxy" UID="mxy" GID="mxy" EUID="mxy" SUID="mxy" FSUID="mxy" EGID="mxy" SGID="mxy" FSGID="mxy"
type=EXECVE msg=audit(1788835784.918:1295): argc=2 a0="dirname" a1="/usr/bin/lesspipe"
type=CWD msg=audit(1788835784.918:1295): cwd="/home/mxy"
type=PATH msg=audit(1788835784.918:1295): item=0 name="/usr/bin/dirname" inode=787123 dev=08:02 mode=0100755 ouid=0 ogid=0 rdev=00:00 nametype=NORMAL cap_fp=0 cap_fi=0 cap_fe=0 cap_fver=0 cap_frootid=0OUID="root" OGID="root"
type=PATH msg=audit(1788835784.918:1295): item=1 name="/lib64/ld-linux-x86-64.so.2" inode=797724 dev=08:02 mode=0100755 ouid=0 ogid=0 rdev=00:00 nametype=NORMAL cap_fp=0 cap_fi=0 cap_fe=0 cap_fver=0 cap_frootid=0OUID="root" OGID="root"
type=PROCTITLE msg=audit(1788835784.918:1295): proctitle=6469726E616D65002F7573722F62696E2F6C65737370697065
type=SYSCALL msg=audit(1788835784.927:1296): arch=c000003e syscall=59 success=yes exit=0 a0=60d6f104ed60 a1=60d6f1057850 a2=60d6f1056a20 a3=8 items=2 ppid=5722 pid=5728 auid=1000 uid=1000 gid=1000 euid=1000 suid=1000 fsuid=1000 egid=1000 sgid=1000 fsgid=1000 tty=pts0 ses=2 comm="dircolors" exe="/usr/bin/dircolors" subj=unconfined key="case01_process_exec"ARCH=x86_64 SYSCALL=execve AUID="mxy" UID="mxy" GID="mxy" EUID="mxy" SUID="mxy" FSUID="mxy" EGID="mxy" SGID="mxy" FSGID="mxy"
type=EXECVE msg=audit(1788835784.927:1296): argc=2 a0="dircolors" a1="-b"
type=CWD msg=audit(1788835784.927:1296): cwd="/home/mxy"
type=PATH msg=audit(1788835784.927:1296): item=0 name="/usr/bin/dircolors" inode=787120 dev=08:02 mode=0100755 ouid=0 ogid=0 rdev=00:00 nametype=NORMAL cap_fp=0 cap_fi=0 cap_fe=0 cap_fver=0 cap_frootid=0OUID="root" OGID="root"
type=PATH msg=audit(1788835784.927:1296): item=1 name="/lib64/ld-linux-x86-64.so.2" inode=797724 dev=08:02 mode=0100755 ouid=0 ogid=0 rdev=00:00 nametype=NORMAL cap_fp=0 cap_fi=0 cap_fe=0 cap_fver=0 cap_frootid=0OUID="root" OGID="root"
type=PROCTITLE msg=audit(1788835784.927:1296): proctitle=646972636F6C6F7273002D62
type=SYSCALL msg=audit(1788835795.443:1297): arch=c000003e syscall=59 success=yes exit=0 a0=60d6f1135c80 a1=60d6f104ea10 a2=60d6f1136590 a3=60d6f1103d60 items=2 ppid=5722 pid=5735 auid=1000 uid=1000 gid=1000 euid=0 suid=0 fsuid=0 egid=1000 sgid=1000 fsgid=1000 tty=pts0 ses=2 comm="sudo" exe="/usr/bin/sudo" subj=unconfined key="case01_process_exec"ARCH=x86_64 SYSCALL=execve AUID="mxy" UID="mxy" GID="mxy" EUID="root" SUID="root" FSUID="root" EGID="mxy" SGID="mxy" FSGID="mxy"
type=EXECVE msg=audit(1788835795.443:1297): argc=4 a0="sudo" a1="cp" a2="/var/log/audit/audit.log" a3="/home/mxy/case01-core/evidence/audit.log"
type=CWD msg=audit(1788835795.443:1297): cwd="/home/mxy"
type=PATH msg=audit(1788835795.443:1297): item=0 name="/usr/bin/sudo" inode=793751 dev=08:02 mode=0104755 ouid=0 ogid=0 rdev=00:00 nametype=NORMAL cap_fp=0 cap_fi=0 cap_fe=0 cap_fver=0 cap_frootid=0OUID="root" OGID="root"
type=PATH msg=audit(1788835795.443:1297): item=1 name="/lib64/ld-linux-x86-64.so.2" inode=797724 dev=08:02 mode=0100755 ouid=0 ogid=0 rdev=00:00 nametype=NORMAL cap_fp=0 cap_fi=0 cap_fe=0 cap_fver=0 cap_frootid=0OUID="root" OGID="root"
type=PROCTITLE msg=audit(1788835795.443:1297): proctitle=7375646F006370002F7661722F6C6F672F61756469742F61756469742E6C6F67002F686F6D652F6D78792F6361736530312D636F72652F65766964656E63652F61756469742E6C6F67
type=SYSCALL msg=audit(1788835795.450:1298): arch=c000003e syscall=42 success=no exit=-2 a0=3 a1=7fff6a169ca0 a2=6e a3=7bdf632bdf60 items=1 ppid=5722 pid=5735 auid=1000 uid=1000 gid=1000 euid=0 suid=0 fsuid=0 egid=1000 sgid=1000 fsgid=1000 tty=pts0 ses=2 comm="sudo" exe="/usr/bin/sudo" subj=unconfined key="case01_network"ARCH=x86_64 SYSCALL=connect AUID="mxy" UID="mxy" GID="mxy" EUID="root" SUID="root" FSUID="root" EGID="mxy" SGID="mxy" FSGID="mxy"
type=SOCKADDR msg=audit(1788835795.450:1298): saddr=01002F7661722F72756E2F6E7363642F736F636B657400000000000000000000000000000000000000000000000000000000000000000000000000000000000000000000000000000000000000000000000000000000000000000000000000000000000000000000000000000000SADDR={ saddr_fam=local path=/var/run/nscd/socket }
type=CWD msg=audit(1788835795.450:1298): cwd="/home/mxy"
type=PATH msg=audit(1788835795.450:1298): item=0 name="/var/run/nscd/socket" nametype=UNKNOWN cap_fp=0 cap_fi=0 cap_fe=0 cap_fver=0 cap_frootid=0
type=PROCTITLE msg=audit(1788835795.450:1298): proctitle=7375646F006370002F7661722F6C6F672F61756469742F61756469742E6C6F67002F686F6D652F6D78792F6361736530312D636F72652F65766964656E63652F61756469742E6C6F67
type=SYSCALL msg=audit(1788835795.450:1299): arch=c000003e syscall=42 success=no exit=-2 a0=3 a1=7fff6a169e90 a2=6e a3=7bdf632bdf60 items=1 ppid=5722 pid=5735 auid=1000 uid=1000 gid=1000 euid=0 suid=0 fsuid=0 egid=1000 sgid=1000 fsgid=1000 tty=pts0 ses=2 comm="sudo" exe="/usr/bin/sudo" subj=unconfined key="case01_network"ARCH=x86_64 SYSCALL=connect AUID="mxy" UID="mxy" GID="mxy" EUID="root" SUID="root" FSUID="root" EGID="mxy" SGID="mxy" FSGID="mxy"
type=SOCKADDR msg=audit(1788835795.450:1299): saddr=01002F7661722F72756E2F6E7363642F736F636B65740000000000000000000000000000000000000000000000000000000000000000000000000000000000000000000000000000005EE58987BD73C20000000000000000E01A2163DF7B00000000000000000000EC9F166AFF7FSADDR={ saddr_fam=local path=/var/run/nscd/socket }
type=CWD msg=audit(1788835795.450:1299): cwd="/home/mxy"
type=PATH msg=audit(1788835795.450:1299): item=0 name="/var/run/nscd/socket" nametype=UNKNOWN cap_fp=0 cap_fi=0 cap_fe=0 cap_fver=0 cap_frootid=0
type=PROCTITLE msg=audit(1788835795.450:1299): proctitle=7375646F006370002F7661722F6C6F672F61756469742F61756469742E6C6F67002F686F6D652F6D78792F6361736530312D636F72652F65766964656E63652F61756469742E6C6F67
type=SYSCALL msg=audit(1788835795.451:1300): arch=c000003e syscall=49 success=yes exit=0 a0=3 a1=7fff6a16b0ac a2=c a3=57ca2e5ec023 items=0 ppid=5722 pid=5735 auid=1000 uid=1000 gid=1000 euid=0 suid=0 fsuid=0 egid=1000 sgid=1000 fsgid=1000 tty=pts0 ses=2 comm="sudo" exe="/usr/bin/sudo" subj=unconfined key="case01_network"ARCH=x86_64 SYSCALL=bind AUID="mxy" UID="mxy" GID="mxy" EUID="root" SUID="root" FSUID="root" EGID="mxy" SGID="mxy" FSGID="mxy"
type=SOCKADDR msg=audit(1788835795.451:1300): saddr=100000000000000000000000SADDR={ saddr_fam=netlink nlnk-fam=16 nlnk-pid=0 }
type=PROCTITLE msg=audit(1788835795.451:1300): proctitle=7375646F006370002F7661722F6C6F672F61756469742F61756469742E6C6F67002F686F6D652F6D78792F6361736530312D636F72652F65766964656E63652F61756469742E6C6F67
type=SYSCALL msg=audit(1788835795.454:1301): arch=c000003e syscall=42 success=no exit=-2 a0=6 a1=7fff6a16a440 a2=6e a3=c items=1 ppid=5722 pid=5735 auid=1000 uid=0 gid=1000 euid=0 suid=0 fsuid=0 egid=0 sgid=1000 fsgid=0 tty=pts0 ses=2 comm="sudo" exe="/usr/bin/sudo" subj=unconfined key="case01_network"ARCH=x86_64 SYSCALL=connect AUID="mxy" UID="root" GID="mxy" EUID="root" SUID="root" FSUID="root" EGID="root" SGID="mxy" FSGID="root"
type=SOCKADDR msg=audit(1788835795.454:1301): saddr=01002F7661722F72756E2F6E7363642F736F636B6574000089C76368000000008068D936000000000000000000000000000000000000000000000000000000002F6574632F7375646F6572730057000020932B63DF7B000040895F2ECA57000060075552CA570000A0075552CA57SADDR={ saddr_fam=local path=/var/run/nscd/socket }
type=CWD msg=audit(1788835795.454:1301): cwd="/home/mxy"
type=PATH msg=audit(1788835795.454:1301): item=0 name="/var/run/nscd/socket" nametype=UNKNOWN cap_fp=0 cap_fi=0 cap_fe=0 cap_fver=0 cap_frootid=0
type=PROCTITLE msg=audit(1788835795.454:1301): proctitle=7375646F006370002F7661722F6C6F672F61756469742F61756469742E6C6F67002F686F6D652F6D78792F6361736530312D636F72652F65766964656E63652F61756469742E6C6F67
type=SYSCALL msg=audit(1788835795.454:1302): arch=c000003e syscall=42 success=no exit=-2 a0=6 a1=7fff6a16a630 a2=6e a3=c items=1 ppid=5722 pid=5735 auid=1000 uid=0 gid=1000 euid=0 suid=0 fsuid=0 egid=0 sgid=1000 fsgid=0 tty=pts0 ses=2 comm="sudo" exe="/usr/bin/sudo" subj=unconfined key="case01_network"ARCH=x86_64 SYSCALL=connect AUID="mxy" UID="root" GID="mxy" EUID="root" SUID="root" FSUID="root" EGID="root" SGID="mxy" FSGID="root"
type=SOCKADDR msg=audit(1788835795.454:1302): saddr=01002F7661722F72756E2F6E7363642F736F636B65740072732E736F00000000000000000000000005C6636800000000F4F259110000000000000000000000000000000000000000005EE58987BD73C20000000000000000201B2163DF7B000000000000000000007CA7166AFF7FSADDR={ saddr_fam=local path=/var/run/nscd/socket }
type=CWD msg=audit(1788835795.454:1302): cwd="/home/mxy"
type=PATH msg=audit(1788835795.454:1302): item=0 name="/var/run/nscd/socket" nametype=UNKNOWN cap_fp=0 cap_fi=0 cap_fe=0 cap_fver=0 cap_frootid=0
type=PROCTITLE msg=audit(1788835795.454:1302): proctitle=7375646F006370002F7661722F6C6F672F61756469742F61756469742E6C6F67002F686F6D652F6D78792F6361736530312D636F72652F65766964656E63652F61756469742E6C6F67
type=SYSCALL msg=audit(1788835795.455:1303): arch=c000003e syscall=42 success=no exit=-2 a0=6 a1=7fff6a16a940 a2=6e a3=22 items=1 ppid=5722 pid=5735 auid=1000 uid=1000 gid=1000 euid=0 suid=0 fsuid=0 egid=0 sgid=1000 fsgid=0 tty=pts0 ses=2 comm="sudo" exe="/usr/bin/sudo" subj=unconfined key="case01_network"ARCH=x86_64 SYSCALL=connect AUID="mxy" UID="mxy" GID="mxy" EUID="root" SUID="root" FSUID="root" EGID="root" SGID="mxy" FSGID="root"
type=SOCKADDR msg=audit(1788835795.455:1303): saddr=01002F7661722F72756E2F6E7363642F736F636B65740000D9C93663DF7B00000100000000000000702F5552CA570000C0AB166AFF7F00000000000000000000000000000000000000602963DF7B00000000000000000000C0A9166AFF7F000015010000FF7F0000F8D52963DF7BSADDR={ saddr_fam=local path=/var/run/nscd/socket }
type=CWD msg=audit(1788835795.455:1303): cwd="/home/mxy"
type=PATH msg=audit(1788835795.455:1303): item=0 name="/var/run/nscd/socket" nametype=UNKNOWN cap_fp=0 cap_fi=0 cap_fe=0 cap_fver=0 cap_frootid=0
type=PROCTITLE msg=audit(1788835795.455:1303): proctitle=7375646F006370002F7661722F6C6F672F61756469742F61756469742E6C6F67002F686F6D652F6D78792F6361736530312D636F72652F65766964656E63652F61756469742E6C6F67
type=SYSCALL msg=audit(1788835795.455:1304): arch=c000003e syscall=42 success=no exit=-2 a0=6 a1=7fff6a16ab30 a2=6e a3=22 items=1 ppid=5722 pid=5735 auid=1000 uid=1000 gid=1000 euid=0 suid=0 fsuid=0 egid=0 sgid=1000 fsgid=0 tty=pts0 ses=2 comm="sudo" exe="/usr/bin/sudo" subj=unconfined key="case01_network"ARCH=x86_64 SYSCALL=connect AUID="mxy" UID="mxy" GID="mxy" EUID="root" SUID="root" FSUID="root" EGID="root" SGID="mxy" FSGID="root"
type=SOCKADDR msg=audit(1788835795.455:1304): saddr=01002F7661722F72756E2F6E7363642F736F636B657400000000000000000000040000000000000010000000000000002D00000000000000D02C5552CA570000F0AB166AFF7F0000005EE58987BD73C230B0166AFF7F0000F01A2163DF7B0000000000000000000068AC166AFF7FSADDR={ saddr_fam=local path=/var/run/nscd/socket }
type=CWD msg=audit(1788835795.455:1304): cwd="/home/mxy"
type=PATH msg=audit(1788835795.455:1304): item=0 name="/var/run/nscd/socket" nametype=UNKNOWN cap_fp=0 cap_fi=0 cap_fe=0 cap_fver=0 cap_frootid=0
type=PROCTITLE msg=audit(1788835795.455:1304): proctitle=7375646F006370002F7661722F6C6F672F61756469742F61756469742E6C6F67002F686F6D652F6D78792F6361736530312D636F72652F65766964656E63652F61756469742E6C6F67
type=SYSCALL msg=audit(1788835795.456:1305): arch=c000003e syscall=42 success=no exit=-2 a0=6 a1=7fff6a16a9f0 a2=6e a3=100 items=1 ppid=5722 pid=5735 auid=1000 uid=1000 gid=1000 euid=0 suid=0 fsuid=0 egid=0 sgid=1000 fsgid=0 tty=pts0 ses=2 comm="sudo" exe="/usr/bin/sudo" subj=unconfined key="case01_network"ARCH=x86_64 SYSCALL=connect AUID="mxy" UID="mxy" GID="mxy" EUID="root" SUID="root" FSUID="root" EGID="root" SGID="mxy" FSGID="root"
type=SOCKADDR msg=audit(1788835795.456:1305): saddr=01002F7661722F6C69622F7373732F70697065732F6E73730000000000000000000000000000000000000000000000000000000000000000000000000000000000000000000000000000000000000000000000000000000000000000000000000000000000000000000000000000SADDR={ saddr_fam=local path=/var/lib/sss/pipes/nss }
type=CWD msg=audit(1788835795.456:1305): cwd="/home/mxy"
type=PATH msg=audit(1788835795.456:1305): item=0 name="/var/lib/sss/pipes/nss" nametype=UNKNOWN cap_fp=0 cap_fi=0 cap_fe=0 cap_fver=0 cap_frootid=0
type=PROCTITLE msg=audit(1788835795.456:1305): proctitle=7375646F006370002F7661722F6C6F672F61756469742F61756469742E6C6F67002F686F6D652F6D78792F6361736530312D636F72652F65766964656E63652F61756469742E6C6F67
type=SYSCALL msg=audit(1788835795.464:1306): arch=c000003e syscall=42 success=no exit=-2 a0=6 a1=7fff6a16aae0 a2=6e a3=100 items=1 ppid=5722 pid=5735 auid=1000 uid=1000 gid=1000 euid=0 suid=0 fsuid=0 egid=1000 sgid=1000 fsgid=1000 tty=pts0 ses=2 comm="sudo" exe="/usr/bin/sudo" subj=unconfined key="case01_network"ARCH=x86_64 SYSCALL=connect AUID="mxy" UID="mxy" GID="mxy" EUID="root" SUID="root" FSUID="root" EGID="mxy" SGID="mxy" FSGID="mxy"
type=SOCKADDR msg=audit(1788835795.464:1306): saddr=01002F7661722F6C69622F7373732F70697065732F6E73730000000000000000000000000000000000000000000000000000000000000000000000000000000000000000000000000000000000000000000000000000000000000000000000000000000000000000000000000000SADDR={ saddr_fam=local path=/var/lib/sss/pipes/nss }
type=CWD msg=audit(1788835795.464:1306): cwd="/home/mxy"
type=PATH msg=audit(1788835795.464:1306): item=0 name="/var/lib/sss/pipes/nss" nametype=UNKNOWN cap_fp=0 cap_fi=0 cap_fe=0 cap_fver=0 cap_frootid=0
type=PROCTITLE msg=audit(1788835795.464:1306): proctitle=7375646F006370002F7661722F6C6F672F61756469742F61756469742E6C6F67002F686F6D652F6D78792F6361736530312D636F72652F65766964656E63652F61756469742E6C6F67
type=SYSCALL msg=audit(1788835797.994:1307): arch=c000003e syscall=42 success=yes exit=0 a0=8 a1=7fff6a129b10 a2=2d a3=1 items=1 ppid=5722 pid=5735 auid=1000 uid=1000 gid=1000 euid=0 suid=0 fsuid=0 egid=1000 sgid=1000 fsgid=1000 tty=pts0 ses=2 comm="sudo" exe="/usr/bin/sudo" subj=unconfined key="case01_network"ARCH=x86_64 SYSCALL=connect AUID="mxy" UID="mxy" GID="mxy" EUID="root" SUID="root" FSUID="root" EGID="mxy" SGID="mxy" FSGID="mxy"
type=SOCKADDR msg=audit(1788835797.994:1307): saddr=01002F72756E2F73797374656D642F7573657264622F696F2E73797374656D642E44796E616D69635573657200SADDR={ saddr_fam=local path=/run/systemd/userdb/io.systemd.DynamicUser }
type=CWD msg=audit(1788835797.994:1307): cwd="/home/mxy"
type=PATH msg=audit(1788835797.994:1307): item=0 name="/run/systemd/userdb/io.systemd.DynamicUser" inode=460 dev=00:1a mode=0140666 ouid=0 ogid=0 rdev=00:00 nametype=NORMAL cap_fp=0 cap_fi=0 cap_fe=0 cap_fver=0 cap_frootid=0OUID="root" OGID="root"
type=PROCTITLE msg=audit(1788835797.994:1307): proctitle=7375646F006370002F7661722F6C6F672F61756469742F61756469742E6C6F67002F686F6D652F6D78792F6361736530312D636F72652F65766964656E63652F61756469742E6C6F67
type=SYSCALL msg=audit(1788835797.996:1308): arch=c000003e syscall=42 success=no exit=-2 a0=6 a1=7fff6a129b20 a2=6e a3=100 items=1 ppid=5722 pid=5735 auid=1000 uid=1000 gid=1000 euid=0 suid=0 fsuid=0 egid=1000 sgid=1000 fsgid=1000 tty=pts0 ses=2 comm="sudo" exe="/usr/bin/sudo" subj=unconfined key="case01_network"ARCH=x86_64 SYSCALL=connect AUID="mxy" UID="mxy" GID="mxy" EUID="root" SUID="root" FSUID="root" EGID="mxy" SGID="mxy" FSGID="mxy"
type=SOCKADDR msg=audit(1788835797.996:1308): saddr=01002F7661722F6C69622F7373732F70697065732F6E73730000000000000000000000000000000000000000000000000000000000000000000000000000000000000000000000000000000000000000000000000000000000000000000000000000000000000000000000000000SADDR={ saddr_fam=local path=/var/lib/sss/pipes/nss }
type=CWD msg=audit(1788835797.996:1308): cwd="/home/mxy"
type=PATH msg=audit(1788835797.996:1308): item=0 name="/var/lib/sss/pipes/nss" nametype=UNKNOWN cap_fp=0 cap_fi=0 cap_fe=0 cap_fver=0 cap_frootid=0
type=PROCTITLE msg=audit(1788835797.996:1308): proctitle=7375646F006370002F7661722F6C6F672F61756469742F61756469742E6C6F67002F686F6D652F6D78792F6361736530312D636F72652F65766964656E63652F61756469742E6C6F67
type=USER_AUTH msg=audit(1788835797.996:1309): pid=5735 uid=1000 auid=1000 ses=2 subj=unconfined msg='op=PAM:authentication grantors=pam_permit,pam_cap acct="mxy" exe="/usr/bin/sudo" hostname=? addr=? terminal=/dev/pts/0 res=success'UID="mxy" AUID="mxy"
type=USER_ACCT msg=audit(1788835797.998:1310): pid=5735 uid=1000 auid=1000 ses=2 subj=unconfined msg='op=PAM:accounting grantors=pam_permit,pam_localuser acct="mxy" exe="/usr/bin/sudo" hostname=? addr=? terminal=/dev/pts/0 res=success'UID="mxy" AUID="mxy"
type=SYSCALL msg=audit(1788835797.998:1311): arch=c000003e syscall=42 success=yes exit=0 a0=6 a1=7bdf631c8ba0 a2=6e a3=ffffffff items=1 ppid=5722 pid=5735 auid=1000 uid=1000 gid=1000 euid=0 suid=0 fsuid=0 egid=1000 sgid=1000 fsgid=1000 tty=pts0 ses=2 comm="sudo" exe="/usr/bin/sudo" subj=unconfined key="case01_network"ARCH=x86_64 SYSCALL=connect AUID="mxy" UID="mxy" GID="mxy" EUID="root" SUID="root" FSUID="root" EGID="mxy" SGID="mxy" FSGID="mxy"
type=SOCKADDR msg=audit(1788835797.998:1311): saddr=01002F6465762F6C6F6700000000000000000000000000000000000000000000000000000000000000000000000000000000000000000000000000000000000000000000000000000000000000000000000000000000000000000000000000000000000000000000000000000000SADDR={ saddr_fam=local path=/dev/log }
type=CWD msg=audit(1788835797.998:1311): cwd="/home/mxy"
type=PATH msg=audit(1788835797.998:1311): item=0 name="/dev/log" inode=468 dev=00:1a mode=0140666 ouid=0 ogid=0 rdev=00:00 nametype=NORMAL cap_fp=0 cap_fi=0 cap_fe=0 cap_fver=0 cap_frootid=0OUID="root" OGID="root"
type=PROCTITLE msg=audit(1788835797.998:1311): proctitle=7375646F006370002F7661722F6C6F672F61756469742F61756469742E6C6F67002F686F6D652F6D78792F6361736530312D636F72652F65766964656E63652F61756469742E6C6F67
type=USER_CMD msg=audit(1788835797.999:1312): pid=5735 uid=1000 auid=1000 ses=2 subj=unconfined msg='cwd="/home/mxy" cmd=6370202F7661722F6C6F672F61756469742F61756469742E6C6F67202F686F6D652F6D78792F6361736530312D636F72652F65766964656E63652F61756469742E6C6F67 exe="/usr/bin/sudo" terminal=pts/0 res=success'UID="mxy" AUID="mxy"
type=SYSCALL msg=audit(1788835798.000:1313): arch=c000003e syscall=42 success=no exit=-2 a0=d a1=7fff6a129b70 a2=6e a3=100 items=1 ppid=5722 pid=5735 auid=1000 uid=1000 gid=0 euid=0 suid=0 fsuid=0 egid=0 sgid=0 fsgid=0 tty=pts0 ses=2 comm="sudo" exe="/usr/bin/sudo" subj=unconfined key="case01_network"ARCH=x86_64 SYSCALL=connect AUID="mxy" UID="mxy" GID="root" EUID="root" SUID="root" FSUID="root" EGID="root" SGID="root" FSGID="root"
type=SOCKADDR msg=audit(1788835798.000:1313): saddr=01002F7661722F6C69622F7373732F70697065732F6E73730000000000000000000000000000000000000000000000000000000000000000000000000000000000000000000000000000000000000000000000000000000000000000000000000000000000000000000000000000SADDR={ saddr_fam=local path=/var/lib/sss/pipes/nss }
type=CWD msg=audit(1788835798.000:1313): cwd="/home/mxy"
type=PATH msg=audit(1788835798.000:1313): item=0 name="/var/lib/sss/pipes/nss" nametype=UNKNOWN cap_fp=0 cap_fi=0 cap_fe=0 cap_fver=0 cap_frootid=0
type=PROCTITLE msg=audit(1788835798.000:1313): proctitle=7375646F006370002F7661722F6C6F672F61756469742F61756469742E6C6F67002F686F6D652F6D78792F6361736530312D636F72652F65766964656E63652F61756469742E6C6F67
type=CRED_REFR msg=audit(1788835798.000:1314): pid=5735 uid=1000 auid=1000 ses=2 subj=unconfined msg='op=PAM:setcred grantors=pam_permit,pam_cap acct="root" exe="/usr/bin/sudo" hostname=? addr=? terminal=/dev/pts/0 res=success'UID="mxy" AUID="mxy"
type=USER_START msg=audit(1788835798.002:1315): pid=5735 uid=1000 auid=1000 ses=2 subj=unconfined msg='op=PAM:session_open grantors=pam_limits,pam_env,pam_env,pam_permit,pam_umask,pam_unix acct="root" exe="/usr/bin/sudo" hostname=? addr=? terminal=/dev/pts/0 res=success'UID="mxy" AUID="mxy"
type=SYSCALL msg=audit(1788835798.007:1316): arch=c000003e syscall=59 success=yes exit=0 a0=57ca5254bb38 a1=57ca5255af30 a2=57ca525af9f0 a3=64 items=2 ppid=5736 pid=5737 auid=1000 uid=0 gid=0 euid=0 suid=0 fsuid=0 egid=0 sgid=0 fsgid=0 tty=pts2 ses=2 comm="cp" exe="/usr/bin/cp" subj=unconfined key="case01_process_exec"ARCH=x86_64 SYSCALL=execve AUID="mxy" UID="root" GID="root" EUID="root" SUID="root" FSUID="root" EGID="root" SGID="root" FSGID="root"
type=EXECVE msg=audit(1788835798.007:1316): argc=3 a0="cp" a1="/var/log/audit/audit.log" a2="/home/mxy/case01-core/evidence/audit.log"
type=CWD msg=audit(1788835798.007:1316): cwd="/home/mxy"
type=PATH msg=audit(1788835798.007:1316): item=0 name="/usr/bin/cp" inode=787073 dev=08:02 mode=0100755 ouid=0 ogid=0 rdev=00:00 nametype=NORMAL cap_fp=0 cap_fi=0 cap_fe=0 cap_fver=0 cap_frootid=0OUID="root" OGID="root"
type=PATH msg=audit(1788835798.007:1316): item=1 name="/lib64/ld-linux-x86-64.so.2" inode=797724 dev=08:02 mode=0100755 ouid=0 ogid=0 rdev=00:00 nametype=NORMAL cap_fp=0 cap_fi=0 cap_fe=0 cap_fver=0 cap_frootid=0OUID="root" OGID="root"
type=PROCTITLE msg=audit(1788835798.007:1316): proctitle=6370002F7661722F6C6F672F61756469742F61756469742E6C6F67002F686F6D652F6D78792F6361736530312D636F72652F65766964656E63652F61756469742E6C6F67